1. Animal Farm
2. Brave New World
3. Fahrenheit 451
