1. <b>Pride and Prejudice</b>
2. <i>Moby Dick</i>
