1. "The Hobbit"
2. Harry Potter & The Sorcerer's Stone
